Archive member included because of file (symbol)

c:/winavr-20090313/bin/../lib/gcc/avr/4.3.2/avr5\libgcc.a(_mulsi3.o)
                              ./HAL/lcd.o (__mulsi3)
c:/winavr-20090313/bin/../lib/gcc/avr/4.3.2/avr5\libgcc.a(_udivmodqi4.o)
                              ./APP/admin.o (__udivmodqi4)
c:/winavr-20090313/bin/../lib/gcc/avr/4.3.2/avr5\libgcc.a(_udivmodhi4.o)
                              ./MCAL/timer1.o (__udivmodhi4)
c:/winavr-20090313/bin/../lib/gcc/avr/4.3.2/avr5\libgcc.a(_divmodhi4.o)
                              ./MCAL/timer0.o (__divmodhi4)
c:/winavr-20090313/bin/../lib/gcc/avr/4.3.2/avr5\libgcc.a(_udivmodsi4.o)
                              ./MCAL/USART.o (__udivmodsi4)
c:/winavr-20090313/bin/../lib/gcc/avr/4.3.2/avr5\libgcc.a(_divmodsi4.o)
                              ./MCAL/timer1.o (__divmodsi4)
c:/winavr-20090313/bin/../lib/gcc/avr/4.3.2/avr5\libgcc.a(_exit.o)
                              c:/winavr-20090313/bin/../lib/gcc/avr/4.3.2/../../../../avr/lib/avr5/crtm32.o (exit)
c:/winavr-20090313/bin/../lib/gcc/avr/4.3.2/avr5\libgcc.a(_copy_data.o)
                              ./MCAL/dio_config.o (__do_copy_data)
c:/winavr-20090313/bin/../lib/gcc/avr/4.3.2/avr5\libgcc.a(_clear_bss.o)
                              ./MCAL/ADC.o (__do_clear_bss)
c:/winavr-20090313/bin/../lib/gcc/avr/4.3.2/avr5\libgcc.a(_fixunssfsi.o)
                              ./HAL/EEPROM.o (__fixunssfsi)
c:/winavr-20090313/bin/../lib/gcc/avr/4.3.2/avr5\libgcc.a(_addsub_sf.o)
                              c:/winavr-20090313/bin/../lib/gcc/avr/4.3.2/avr5\libgcc.a(_fixunssfsi.o) (__subsf3)
c:/winavr-20090313/bin/../lib/gcc/avr/4.3.2/avr5\libgcc.a(_mul_sf.o)
                              ./HAL/EEPROM.o (__mulsf3)
c:/winavr-20090313/bin/../lib/gcc/avr/4.3.2/avr5\libgcc.a(_div_sf.o)
                              ./HAL/lcd.o (__divsf3)
c:/winavr-20090313/bin/../lib/gcc/avr/4.3.2/avr5\libgcc.a(_gt_sf.o)
                              ./HAL/EEPROM.o (__gtsf2)
c:/winavr-20090313/bin/../lib/gcc/avr/4.3.2/avr5\libgcc.a(_ge_sf.o)
                              c:/winavr-20090313/bin/../lib/gcc/avr/4.3.2/avr5\libgcc.a(_fixunssfsi.o) (__gesf2)
c:/winavr-20090313/bin/../lib/gcc/avr/4.3.2/avr5\libgcc.a(_lt_sf.o)
                              ./HAL/EEPROM.o (__ltsf2)
c:/winavr-20090313/bin/../lib/gcc/avr/4.3.2/avr5\libgcc.a(_si_to_sf.o)
                              ./HAL/servo.o (__floatsisf)
c:/winavr-20090313/bin/../lib/gcc/avr/4.3.2/avr5\libgcc.a(_sf_to_si.o)
                              c:/winavr-20090313/bin/../lib/gcc/avr/4.3.2/avr5\libgcc.a(_fixunssfsi.o) (__fixsfsi)
c:/winavr-20090313/bin/../lib/gcc/avr/4.3.2/avr5\libgcc.a(_thenan_sf.o)
                              c:/winavr-20090313/bin/../lib/gcc/avr/4.3.2/avr5\libgcc.a(_addsub_sf.o) (__thenan_sf)
c:/winavr-20090313/bin/../lib/gcc/avr/4.3.2/avr5\libgcc.a(_usi_to_sf.o)
                              ./APP/main.o (__floatunsisf)
c:/winavr-20090313/bin/../lib/gcc/avr/4.3.2/avr5\libgcc.a(_prologue.o)
                              c:/winavr-20090313/bin/../lib/gcc/avr/4.3.2/avr5\libgcc.a(_addsub_sf.o) (__prologue_saves__)
c:/winavr-20090313/bin/../lib/gcc/avr/4.3.2/avr5\libgcc.a(_epilogue.o)
                              c:/winavr-20090313/bin/../lib/gcc/avr/4.3.2/avr5\libgcc.a(_addsub_sf.o) (__epilogue_restores__)
c:/winavr-20090313/bin/../lib/gcc/avr/4.3.2/avr5\libgcc.a(_clzsi2.o)
                              c:/winavr-20090313/bin/../lib/gcc/avr/4.3.2/avr5\libgcc.a(_si_to_sf.o) (__clzsi2)
c:/winavr-20090313/bin/../lib/gcc/avr/4.3.2/avr5\libgcc.a(_pack_sf.o)
                              c:/winavr-20090313/bin/../lib/gcc/avr/4.3.2/avr5\libgcc.a(_addsub_sf.o) (__pack_f)
c:/winavr-20090313/bin/../lib/gcc/avr/4.3.2/avr5\libgcc.a(_unpack_sf.o)
                              c:/winavr-20090313/bin/../lib/gcc/avr/4.3.2/avr5\libgcc.a(_addsub_sf.o) (__unpack_f)
c:/winavr-20090313/bin/../lib/gcc/avr/4.3.2/avr5\libgcc.a(_fpcmp_parts_sf.o)
                              c:/winavr-20090313/bin/../lib/gcc/avr/4.3.2/avr5\libgcc.a(_gt_sf.o) (__fpcmp_parts_f)
c:/winavr-20090313/bin/../lib/gcc/avr/4.3.2/avr5\libgcc.a(_clz.o)
                              c:/winavr-20090313/bin/../lib/gcc/avr/4.3.2/avr5\libgcc.a(_clzsi2.o) (__clz_tab)

Allocating common symbols
Common symbol       size              file

dig_read            0x1               ./APP/main.o
user_entry_username
                    0x2               ./APP/main.o
choice              0x1               ./APP/main.o
password_user       0x1               ./APP/main.o

Memory Configuration

Name             Origin             Length             Attributes
text             0x00000000         0x00020000         xr
data             0x00800060         0x0000ffa0         rw !x
eeprom           0x00810000         0x00010000         rw !x
fuse             0x00820000         0x00000400         rw !x
lock             0x00830000         0x00000400         rw !x
signature        0x00840000         0x00000400         rw !x
*default*        0x00000000         0xffffffff

Linker script and memory map

LOAD c:/winavr-20090313/bin/../lib/gcc/avr/4.3.2/../../../../avr/lib/avr5/crtm32.o
LOAD ./MCAL/ADC.o
LOAD ./MCAL/I2C.o
LOAD ./MCAL/USART.o
LOAD ./MCAL/dio.o
LOAD ./MCAL/dio_config.o
LOAD ./MCAL/general_interrupt.o
LOAD ./MCAL/timer0.o
LOAD ./MCAL/timer1.o
LOAD ./HAL/DC.o
LOAD ./HAL/EEPROM.o
LOAD ./HAL/LED.o
LOAD ./HAL/buzzer.o
LOAD ./HAL/keypad.o
LOAD ./HAL/lcd.o
LOAD ./HAL/servo.o
LOAD ./APP/admin.o
LOAD ./APP/main.o
LOAD ./APP/user.o
LOAD c:/winavr-20090313/bin/../lib/gcc/avr/4.3.2/avr5\libgcc.a
LOAD c:/winavr-20090313/bin/../lib/gcc/avr/4.3.2/../../../../avr/lib/avr5\libc.a
LOAD c:/winavr-20090313/bin/../lib/gcc/avr/4.3.2/avr5\libgcc.a

.hash
 *(.hash)

.dynsym
 *(.dynsym)

.dynstr
 *(.dynstr)

.gnu.version
 *(.gnu.version)

.gnu.version_d
 *(.gnu.version_d)

.gnu.version_r
 *(.gnu.version_r)

.rel.init
 *(.rel.init)

.rela.init
 *(.rela.init)

.rel.text
 *(.rel.text)
 *(.rel.text.*)
 *(.rel.gnu.linkonce.t*)

.rela.text
 *(.rela.text)
 *(.rela.text.*)
 *(.rela.gnu.linkonce.t*)

.rel.fini
 *(.rel.fini)

.rela.fini
 *(.rela.fini)

.rel.rodata
 *(.rel.rodata)
 *(.rel.rodata.*)
 *(.rel.gnu.linkonce.r*)

.rela.rodata
 *(.rela.rodata)
 *(.rela.rodata.*)
 *(.rela.gnu.linkonce.r*)

.rel.data
 *(.rel.data)
 *(.rel.data.*)
 *(.rel.gnu.linkonce.d*)

.rela.data
 *(.rela.data)
 *(.rela.data.*)
 *(.rela.gnu.linkonce.d*)

.rel.ctors
 *(.rel.ctors)

.rela.ctors
 *(.rela.ctors)

.rel.dtors
 *(.rel.dtors)

.rela.dtors
 *(.rela.dtors)

.rel.got
 *(.rel.got)

.rela.got
 *(.rela.got)

.rel.bss
 *(.rel.bss)

.rela.bss
 *(.rela.bss)

.rel.plt
 *(.rel.plt)

.rela.plt
 *(.rela.plt)

.text           0x00000000     0x4982
 *(.vectors)
 .vectors       0x00000000       0x54 c:/winavr-20090313/bin/../lib/gcc/avr/4.3.2/../../../../avr/lib/avr5/crtm32.o
                0x00000000                __vectors
                0x00000000                __vector_default
 *(.vectors)
 *(.progmem.gcc*)
 *(.progmem*)
                0x00000054                . = ALIGN (0x2)
                0x00000054                __trampolines_start = .
 *(.trampolines)
 .trampolines   0x00000054        0x0 linker stubs
 *(.trampolines*)
                0x00000054                __trampolines_end = .
 *(.jumptables)
 *(.jumptables*)
 *(.lowtext)
 *(.lowtext*)
                0x00000054                __ctors_start = .
 *(.ctors)
                0x00000054                __ctors_end = .
                0x00000054                __dtors_start = .
 *(.dtors)
                0x00000054                __dtors_end = .
 SORT(*)(.ctors)
 SORT(*)(.dtors)
 *(.init0)
 .init0         0x00000054        0x0 c:/winavr-20090313/bin/../lib/gcc/avr/4.3.2/../../../../avr/lib/avr5/crtm32.o
                0x00000054                __init
 *(.init0)
 *(.init1)
 *(.init1)
 *(.init2)
 .init2         0x00000054        0xc c:/winavr-20090313/bin/../lib/gcc/avr/4.3.2/../../../../avr/lib/avr5/crtm32.o
 *(.init2)
 *(.init3)
 *(.init3)
 *(.init4)
 .init4         0x00000060       0x16 c:/winavr-20090313/bin/../lib/gcc/avr/4.3.2/avr5\libgcc.a(_copy_data.o)
                0x00000060                __do_copy_data
 .init4         0x00000076       0x10 c:/winavr-20090313/bin/../lib/gcc/avr/4.3.2/avr5\libgcc.a(_clear_bss.o)
                0x00000076                __do_clear_bss
 *(.init4)
 *(.init5)
 *(.init5)
 *(.init6)
 *(.init6)
 *(.init7)
 *(.init7)
 *(.init8)
 *(.init8)
 *(.init9)
 .init9         0x00000086        0x8 c:/winavr-20090313/bin/../lib/gcc/avr/4.3.2/../../../../avr/lib/avr5/crtm32.o
 *(.init9)
 *(.text)
 .text          0x0000008e        0x4 c:/winavr-20090313/bin/../lib/gcc/avr/4.3.2/../../../../avr/lib/avr5/crtm32.o
                0x0000008e                __vector_1
                0x0000008e                __vector_12
                0x0000008e                __bad_interrupt
                0x0000008e                __vector_6
                0x0000008e                __vector_3
                0x0000008e                __vector_13
                0x0000008e                __vector_17
                0x0000008e                __vector_19
                0x0000008e                __vector_7
                0x0000008e                __vector_5
                0x0000008e                __vector_4
                0x0000008e                __vector_9
                0x0000008e                __vector_2
                0x0000008e                __vector_15
                0x0000008e                __vector_8
                0x0000008e                __vector_14
                0x0000008e                __vector_16
                0x0000008e                __vector_18
                0x0000008e                __vector_20
 .text          0x00000092        0x0 ./MCAL/ADC.o
 .text          0x00000092        0x0 ./MCAL/I2C.o
 .text          0x00000092        0x0 ./MCAL/USART.o
 .text          0x00000092        0x0 ./MCAL/dio.o
 .text          0x00000092        0x0 ./MCAL/dio_config.o
 .text          0x00000092        0x0 ./MCAL/general_interrupt.o
 .text          0x00000092        0x0 ./MCAL/timer0.o
 .text          0x00000092        0x0 ./MCAL/timer1.o
 .text          0x00000092        0x0 ./HAL/DC.o
 .text          0x00000092        0x0 ./HAL/EEPROM.o
 .text          0x00000092        0x0 ./HAL/LED.o
 .text          0x00000092        0x0 ./HAL/buzzer.o
 .text          0x00000092        0x0 ./HAL/keypad.o
 .text          0x00000092        0x0 ./HAL/lcd.o
 .text          0x00000092        0x0 ./HAL/servo.o
 .text          0x00000092        0x0 ./APP/admin.o
 .text          0x00000092        0x0 ./APP/main.o
 .text          0x00000092        0x0 ./APP/user.o
 .text          0x00000092        0x0 c:/winavr-20090313/bin/../lib/gcc/avr/4.3.2/avr5\libgcc.a(_mulsi3.o)
 .text          0x00000092        0x0 c:/winavr-20090313/bin/../lib/gcc/avr/4.3.2/avr5\libgcc.a(_udivmodqi4.o)
 .text          0x00000092        0x0 c:/winavr-20090313/bin/../lib/gcc/avr/4.3.2/avr5\libgcc.a(_udivmodhi4.o)
 .text          0x00000092        0x0 c:/winavr-20090313/bin/../lib/gcc/avr/4.3.2/avr5\libgcc.a(_divmodhi4.o)
 .text          0x00000092        0x0 c:/winavr-20090313/bin/../lib/gcc/avr/4.3.2/avr5\libgcc.a(_udivmodsi4.o)
 .text          0x00000092        0x0 c:/winavr-20090313/bin/../lib/gcc/avr/4.3.2/avr5\libgcc.a(_divmodsi4.o)
 .text          0x00000092        0x0 c:/winavr-20090313/bin/../lib/gcc/avr/4.3.2/avr5\libgcc.a(_exit.o)
 .text          0x00000092        0x0 c:/winavr-20090313/bin/../lib/gcc/avr/4.3.2/avr5\libgcc.a(_copy_data.o)
 .text          0x00000092        0x0 c:/winavr-20090313/bin/../lib/gcc/avr/4.3.2/avr5\libgcc.a(_clear_bss.o)
 .text          0x00000092       0x58 c:/winavr-20090313/bin/../lib/gcc/avr/4.3.2/avr5\libgcc.a(_fixunssfsi.o)
                0x00000092                __fixunssfsi
 .text          0x000000ea      0x354 c:/winavr-20090313/bin/../lib/gcc/avr/4.3.2/avr5\libgcc.a(_addsub_sf.o)
                0x00000382                __subsf3
                0x000003e4                __addsf3
 .text          0x0000043e      0x1f4 c:/winavr-20090313/bin/../lib/gcc/avr/4.3.2/avr5\libgcc.a(_mul_sf.o)
                0x0000043e                __mulsf3
 .text          0x00000632      0x158 c:/winavr-20090313/bin/../lib/gcc/avr/4.3.2/avr5\libgcc.a(_div_sf.o)
                0x00000632                __divsf3
 .text          0x0000078a       0x60 c:/winavr-20090313/bin/../lib/gcc/avr/4.3.2/avr5\libgcc.a(_gt_sf.o)
                0x0000078a                __gtsf2
 .text          0x000007ea       0x60 c:/winavr-20090313/bin/../lib/gcc/avr/4.3.2/avr5\libgcc.a(_ge_sf.o)
                0x000007ea                __gesf2
 .text          0x0000084a       0x60 c:/winavr-20090313/bin/../lib/gcc/avr/4.3.2/avr5\libgcc.a(_lt_sf.o)
                0x0000084a                __ltsf2
 .text          0x000008aa       0xbc c:/winavr-20090313/bin/../lib/gcc/avr/4.3.2/avr5\libgcc.a(_si_to_sf.o)
                0x000008aa                __floatsisf
 .text          0x00000966       0xa8 c:/winavr-20090313/bin/../lib/gcc/avr/4.3.2/avr5\libgcc.a(_sf_to_si.o)
                0x00000966                __fixsfsi
 .text          0x00000a0e        0x0 c:/winavr-20090313/bin/../lib/gcc/avr/4.3.2/avr5\libgcc.a(_thenan_sf.o)
 .text          0x00000a0e       0xf2 c:/winavr-20090313/bin/../lib/gcc/avr/4.3.2/avr5\libgcc.a(_usi_to_sf.o)
                0x00000a0e                __floatunsisf
 .text          0x00000b00        0x0 c:/winavr-20090313/bin/../lib/gcc/avr/4.3.2/avr5\libgcc.a(_prologue.o)
 .text          0x00000b00        0x0 c:/winavr-20090313/bin/../lib/gcc/avr/4.3.2/avr5\libgcc.a(_epilogue.o)
 .text          0x00000b00       0x9e c:/winavr-20090313/bin/../lib/gcc/avr/4.3.2/avr5\libgcc.a(_clzsi2.o)
                0x00000b00                __clzsi2
 .text          0x00000b9e      0x1aa c:/winavr-20090313/bin/../lib/gcc/avr/4.3.2/avr5\libgcc.a(_pack_sf.o)
                0x00000b9e                __pack_f
 .text          0x00000d48       0xf0 c:/winavr-20090313/bin/../lib/gcc/avr/4.3.2/avr5\libgcc.a(_unpack_sf.o)
                0x00000d48                __unpack_f
 .text          0x00000e38       0xb2 c:/winavr-20090313/bin/../lib/gcc/avr/4.3.2/avr5\libgcc.a(_fpcmp_parts_sf.o)
                0x00000e38                __fpcmp_parts_f
 .text          0x00000eea        0x0 c:/winavr-20090313/bin/../lib/gcc/avr/4.3.2/avr5\libgcc.a(_clz.o)
                0x00000eea                . = ALIGN (0x2)
 *(.text.*)
 .text.ADC_vInit
                0x00000eea       0x4a ./MCAL/ADC.o
                0x00000eea                ADC_vInit
 .text.ADC_vChannel_Select
                0x00000f34       0x38 ./MCAL/ADC.o
                0x00000f34                ADC_vChannel_Select
 .text.ADC_vStart_Conversion
                0x00000f6c       0x1c ./MCAL/ADC.o
                0x00000f6c                ADC_vStart_Conversion
 .text.ADC_u16GetReadingInt
                0x00000f88       0x16 ./MCAL/ADC.o
                0x00000f88                ADC_u16GetReadingInt
 .text.ADC_vInterruptEnable
                0x00000f9e       0x1c ./MCAL/ADC.o
                0x00000f9e                ADC_vInterruptEnable
 .text.ADC_u16PollingRead
                0x00000fba       0x48 ./MCAL/ADC.o
                0x00000fba                ADC_u16PollingRead
 .text.Set_Prescaler
                0x00001002       0x38 ./MCAL/ADC.o
 .text.ADC_SetCallBackFunction
                0x0000103a       0x24 ./MCAL/ADC.o
                0x0000103a                ADC_SetCallBackFunction
 .text.ISR      0x0000105e       0x34 ./MCAL/ADC.o
                0x0000105e                ISR
 .text.I2C_vInitMaster
                0x00001092       0x64 ./MCAL/I2C.o
                0x00001092                I2C_vInitMaster
 .text.I2C_vSendStartCondition
                0x000010f6       0x48 ./MCAL/I2C.o
                0x000010f6                I2C_vSendStartCondition
 .text.I2C_vSendRepeatedStartCondition
                0x0000113e       0x48 ./MCAL/I2C.o
                0x0000113e                I2C_vSendRepeatedStartCondition
 .text.I2C_vSendStopCondition
                0x00001186       0x2a ./MCAL/I2C.o
                0x00001186                I2C_vSendStopCondition
 .text.I2C_vSendSlaveAddresswithWrite
                0x000011b0       0x6c ./MCAL/I2C.o
                0x000011b0                I2C_vSendSlaveAddresswithWrite
 .text.I2C_vSendSlaveAddresswithRead
                0x0000121c       0x6c ./MCAL/I2C.o
                0x0000121c                I2C_vSendSlaveAddresswithRead
 .text.I2C_vSendDataMaster
                0x00001288       0x48 ./MCAL/I2C.o
                0x00001288                I2C_vSendDataMaster
 .text.I2C_vReadDataMaster
                0x000012d0       0x58 ./MCAL/I2C.o
                0x000012d0                I2C_vReadDataMaster
 .text.USART_vInit
                0x00001328       0xf6 ./MCAL/USART.o
                0x00001328                USART_vInit
 .text.USART_u16Receive
                0x0000141e       0x22 ./MCAL/USART.o
                0x0000141e                USART_u16Receive
 .text.USART_vTransmit
                0x00001440       0x34 ./MCAL/USART.o
                0x00001440                USART_vTransmit
 .text.UART_SendString
                0x00001474       0x52 ./MCAL/USART.o
                0x00001474                UART_SendString
 .text.UART_RecString
                0x000014c6       0x8c ./MCAL/USART.o
                0x000014c6                UART_RecString
 .text.DIO_WriteChannel
                0x00001552      0x1f6 ./MCAL/dio.o
                0x00001552                DIO_WriteChannel
 .text.DIO_ReadChannel
                0x00001748      0x118 ./MCAL/dio.o
                0x00001748                DIO_ReadChannel
 .text.DIO_SetInternalPullup
                0x00001860      0x1f6 ./MCAL/dio.o
                0x00001860                DIO_SetInternalPullup
 .text.DIO_Toggle
                0x00001a56      0x116 ./MCAL/dio.o
                0x00001a56                DIO_Toggle
 .text.DIO_init
                0x00001b6c      0x2dc ./MCAL/dio_config.o
                0x00001b6c                DIO_init
 .text.GI_vEnable
                0x00001e48       0x1c ./MCAL/general_interrupt.o
                0x00001e48                GI_vEnable
 .text.GI_vDisable
                0x00001e64       0x1c ./MCAL/general_interrupt.o
                0x00001e64                GI_vDisable
 .text.vTimer0_init
                0x00001e80       0x50 ./MCAL/timer0.o
                0x00001e80                vTimer0_init
 .text.vTimer0_Check_OVF
                0x00001ed0       0x2e ./MCAL/timer0.o
                0x00001ed0                vTimer0_Check_OVF
 .text.vTimer0_Interrupt_Enable
                0x00001efe        0xe ./MCAL/timer0.o
                0x00001efe                vTimer0_Interrupt_Enable
 .text.Timer0_u8SetStart
                0x00001f0c       0x1c ./MCAL/timer0.o
                0x00001f0c                Timer0_u8SetStart
 .text.Timer0_vStop
                0x00001f28       0x14 ./MCAL/timer0.o
                0x00001f28                Timer0_vStop
 .text.Timer0_u8SetComp
                0x00001f3c       0x1c ./MCAL/timer0.o
                0x00001f3c                Timer0_u8SetComp
 .text.Timer0_vSetPWMDutyCycleFast
                0x00001f58       0x3e ./MCAL/timer0.o
                0x00001f58                Timer0_vSetPWMDutyCycleFast
 .text.Timer0_vSetPWMDutyCyclePhaseCorrect
                0x00001f96       0x52 ./MCAL/timer0.o
                0x00001f96                Timer0_vSetPWMDutyCyclePhaseCorrect
 .text.vSet_Prescaler
                0x00001fe8       0x38 ./MCAL/timer0.o
 .text.Timer0_pfSetCallback
                0x00002020       0x24 ./MCAL/timer0.o
                0x00002020                Timer0_pfSetCallback
 .text.__vector_11
                0x00002044       0x66 ./MCAL/timer0.o
                0x00002044                __vector_11
 .text.__vector_10
                0x000020aa       0x66 ./MCAL/timer0.o
                0x000020aa                __vector_10
 .text.Timer1_vInit
                0x00002110       0x62 ./MCAL/timer1.o
                0x00002110                Timer1_vInit
 .text.Timer1_vStart
                0x00002172       0x28 ./MCAL/timer1.o
                0x00002172                Timer1_vStart
 .text.Timer1_vStop
                0x0000219a       0x1a ./MCAL/timer1.o
                0x0000219a                Timer1_vStop
 .text.Timer1_vSetCompA
                0x000021b4       0x24 ./MCAL/timer1.o
                0x000021b4                Timer1_vSetCompA
 .text.Timer1_vSetCompB
                0x000021d8       0x24 ./MCAL/timer1.o
                0x000021d8                Timer1_vSetCompB
 .text.Timer1_SetPWMFast
                0x000021fc       0x84 ./MCAL/timer1.o
                0x000021fc                Timer1_SetPWMFast
 .text.vSet_Prescaler
                0x00002280       0x38 ./MCAL/timer1.o
 .text.DC_vInit
                0x000022b8       0x12 ./HAL/DC.o
                0x000022b8                DC_vInit
 .text.DC_vOn   0x000022ca       0x3a ./HAL/DC.o
                0x000022ca                DC_vOn
 .text.DC_vControlSpeed
                0x00002304       0x1a ./HAL/DC.o
                0x00002304                DC_vControlSpeed
 .text.DC_vOff  0x0000231e       0x16 ./HAL/DC.o
                0x0000231e                DC_vOff
 .text.EEPROM_vInit
                0x00002334       0x14 ./HAL/EEPROM.o
                0x00002334                EEPROM_vInit
 .text.EEPROM_vWriteByte
                0x00002348      0x132 ./HAL/EEPROM.o
                0x00002348                EEPROM_vWriteByte
 .text.EEPROM_u8ReadByte
                0x0000247a      0x146 ./HAL/EEPROM.o
                0x0000247a                EEPROM_u8ReadByte
 .text.EEPROM_vWritePage
                0x000025c0       0x94 ./HAL/EEPROM.o
                0x000025c0                EEPROM_vWritePage
 .text.EEPROM_u8SequentialRead
                0x00002654      0x18a ./HAL/EEPROM.o
                0x00002654                EEPROM_u8SequentialRead
 .text.LED_vRedOn
                0x000027de       0x16 ./HAL/LED.o
                0x000027de                LED_vRedOn
 .text.LED_vRedOff
                0x000027f4       0x16 ./HAL/LED.o
                0x000027f4                LED_vRedOff
 .text.LED_vGreenOn
                0x0000280a       0x16 ./HAL/LED.o
                0x0000280a                LED_vGreenOn
 .text.LED_vGreenOff
                0x00002820       0x16 ./HAL/LED.o
                0x00002820                LED_vGreenOff
 .text.LED_vBlueOn
                0x00002836       0x16 ./HAL/LED.o
                0x00002836                LED_vBlueOn
 .text.LED_vBlueOff
                0x0000284c       0x16 ./HAL/LED.o
                0x0000284c                LED_vBlueOff
 .text.LED_vYellowOn
                0x00002862       0x16 ./HAL/LED.o
                0x00002862                LED_vYellowOn
 .text.LED_vYellowOff
                0x00002878       0x16 ./HAL/LED.o
                0x00002878                LED_vYellowOff
 .text.BUZZER_vOn
                0x0000288e       0x16 ./HAL/buzzer.o
                0x0000288e                BUZZER_vOn
 .text.BUZZER_vOff
                0x000028a4       0x16 ./HAL/buzzer.o
                0x000028a4                BUZZER_vOff
 .text.Keypad_vInit
                0x000028ba       0x2e ./HAL/keypad.o
                0x000028ba                Keypad_vInit
 .text.Keypad_u8GetPressed
                0x000028e8      0x156 ./HAL/keypad.o
                0x000028e8                Keypad_u8GetPressed
 .text.LCD_vInit
                0x00002a3e      0x59c ./HAL/lcd.o
                0x00002a3e                LCD_vInit
 .text.LCD_vSendCmnd
                0x00002fda       0x34 ./HAL/lcd.o
                0x00002fda                LCD_vSendCmnd
 .text.LCD_vSendData
                0x0000300e       0x34 ./HAL/lcd.o
                0x0000300e                LCD_vSendData
 .text.LCD_vSendString
                0x00003042       0x52 ./HAL/lcd.o
                0x00003042                LCD_vSendString
 .text.LCD_vSendInt
                0x00003094      0x15a ./HAL/lcd.o
                0x00003094                LCD_vSendInt
 .text.LCD_vGoTo
                0x000031ee       0x40 ./HAL/lcd.o
                0x000031ee                LCD_vGoTo
 .text.vPriWriteHalfPort
                0x0000322e       0xa0 ./HAL/lcd.o
 .text.vPriEnable
                0x000032ce      0x11a ./HAL/lcd.o
 .text.Servo_vOn
                0x000033e8       0x78 ./HAL/servo.o
                0x000033e8                Servo_vOn
 .text.Servo_vOff
                0x00003460       0x12 ./HAL/servo.o
                0x00003460                Servo_vOff
 .text.admin_mode
                0x00003472      0x1ca ./APP/admin.o
                0x00003472                admin_mode
 .text.int_to_string
                0x0000363c       0x56 ./APP/admin.o
                0x0000363c                int_to_string
 .text.string_to_int
                0x00003692       0x70 ./APP/admin.o
                0x00003692                string_to_int
 .text.main     0x00003702      0xdf4 ./APP/main.o
                0x00003702                main
 .text.OpenDoor
                0x000044f6       0x14 ./APP/user.o
                0x000044f6                OpenDoor
 .text.CloseDoor
                0x0000450a       0x14 ./APP/user.o
                0x0000450a                CloseDoor
 .text.openledroom1
                0x0000451e       0x16 ./APP/user.o
                0x0000451e                openledroom1
 .text.closeledroom1
                0x00004534       0x16 ./APP/user.o
                0x00004534                closeledroom1
 .text.openledroom2
                0x0000454a       0x16 ./APP/user.o
                0x0000454a                openledroom2
 .text.closeledroom2
                0x00004560       0x16 ./APP/user.o
                0x00004560                closeledroom2
 .text.openledroom3
                0x00004576       0x16 ./APP/user.o
                0x00004576                openledroom3
 .text.closeledroom3
                0x0000458c       0x16 ./APP/user.o
                0x0000458c                closeledroom3
 .text.openledroom4
                0x000045a2       0x16 ./APP/user.o
                0x000045a2                openledroom4
 .text.closeledroom4
                0x000045b8       0x16 ./APP/user.o
                0x000045b8                closeledroom4
 .text.openledroom5
                0x000045ce       0x16 ./APP/user.o
                0x000045ce                openledroom5
 .text.closeledroom5
                0x000045e4       0x16 ./APP/user.o
                0x000045e4                closeledroom5
 .text.BUZZER_On
                0x000045fa       0x16 ./APP/user.o
                0x000045fa                BUZZER_On
 .text.BUZZER_Off
                0x00004610       0x16 ./APP/user.o
                0x00004610                BUZZER_Off
 .text.temp     0x00004626      0x1cc ./APP/user.o
                0x00004626                temp
 .text.libgcc   0x000047f2       0x3e c:/winavr-20090313/bin/../lib/gcc/avr/4.3.2/avr5\libgcc.a(_mulsi3.o)
                0x000047f2                __mulsi3
 .text.libgcc   0x00004830       0x18 c:/winavr-20090313/bin/../lib/gcc/avr/4.3.2/avr5\libgcc.a(_udivmodqi4.o)
                0x00004830                __udivmodqi4
 .text.libgcc   0x00004848       0x28 c:/winavr-20090313/bin/../lib/gcc/avr/4.3.2/avr5\libgcc.a(_udivmodhi4.o)
                0x00004848                __udivmodhi4
 .text.libgcc   0x00004870       0x26 c:/winavr-20090313/bin/../lib/gcc/avr/4.3.2/avr5\libgcc.a(_divmodhi4.o)
                0x00004870                __divmodhi4
                0x00004870                _div
 .text.libgcc   0x00004896       0x44 c:/winavr-20090313/bin/../lib/gcc/avr/4.3.2/avr5\libgcc.a(_udivmodsi4.o)
                0x00004896                __udivmodsi4
 .text.libgcc   0x000048da       0x36 c:/winavr-20090313/bin/../lib/gcc/avr/4.3.2/avr5\libgcc.a(_divmodsi4.o)
                0x000048da                __divmodsi4
 .text.libgcc   0x00004910        0x0 c:/winavr-20090313/bin/../lib/gcc/avr/4.3.2/avr5\libgcc.a(_exit.o)
 .text.libgcc   0x00004910        0x0 c:/winavr-20090313/bin/../lib/gcc/avr/4.3.2/avr5\libgcc.a(_copy_data.o)
 .text.libgcc   0x00004910        0x0 c:/winavr-20090313/bin/../lib/gcc/avr/4.3.2/avr5\libgcc.a(_clear_bss.o)
 .text.libgcc   0x00004910       0x38 c:/winavr-20090313/bin/../lib/gcc/avr/4.3.2/avr5\libgcc.a(_prologue.o)
                0x00004910                __prologue_saves__
 .text.libgcc   0x00004948       0x36 c:/winavr-20090313/bin/../lib/gcc/avr/4.3.2/avr5\libgcc.a(_epilogue.o)
                0x00004948                __epilogue_restores__
                0x0000497e                . = ALIGN (0x2)
 *(.fini9)
 .fini9         0x0000497e        0x0 c:/winavr-20090313/bin/../lib/gcc/avr/4.3.2/avr5\libgcc.a(_exit.o)
                0x0000497e                exit
                0x0000497e                _exit
 *(.fini9)
 *(.fini8)
 *(.fini8)
 *(.fini7)
 *(.fini7)
 *(.fini6)
 *(.fini6)
 *(.fini5)
 *(.fini5)
 *(.fini4)
 *(.fini4)
 *(.fini3)
 *(.fini3)
 *(.fini2)
 *(.fini2)
 *(.fini1)
 *(.fini1)
 *(.fini0)
 .fini0         0x0000497e        0x4 c:/winavr-20090313/bin/../lib/gcc/avr/4.3.2/avr5\libgcc.a(_exit.o)
 *(.fini0)
                0x00004982                _etext = .

.data           0x00800060      0x2ba load address 0x00004982
                0x00800060                PROVIDE (__data_start, .)
 *(.data)
 .data          0x00800060        0x0 c:/winavr-20090313/bin/../lib/gcc/avr/4.3.2/../../../../avr/lib/avr5/crtm32.o
 .data          0x00800060        0x0 ./MCAL/ADC.o
 .data          0x00800060        0x0 ./MCAL/I2C.o
 .data          0x00800060        0x0 ./MCAL/USART.o
 .data          0x00800060        0x0 ./MCAL/dio.o
 .data          0x00800060        0x0 ./MCAL/dio_config.o
 .data          0x00800060        0x0 ./MCAL/general_interrupt.o
 .data          0x00800060        0x0 ./MCAL/timer0.o
 .data          0x00800060        0x0 ./MCAL/timer1.o
 .data          0x00800060        0x0 ./HAL/DC.o
 .data          0x00800060        0x0 ./HAL/EEPROM.o
 .data          0x00800060        0x0 ./HAL/LED.o
 .data          0x00800060        0x0 ./HAL/buzzer.o
 .data          0x00800060        0x0 ./HAL/keypad.o
 .data          0x00800060        0x0 ./HAL/lcd.o
 .data          0x00800060        0x0 ./HAL/servo.o
 .data          0x00800060       0x67 ./APP/admin.o
 .data          0x008000c7       0xd6 ./APP/main.o
 .data          0x0080019d       0x12 ./APP/user.o
 .data          0x008001af        0x0 c:/winavr-20090313/bin/../lib/gcc/avr/4.3.2/avr5\libgcc.a(_mulsi3.o)
 .data          0x008001af        0x0 c:/winavr-20090313/bin/../lib/gcc/avr/4.3.2/avr5\libgcc.a(_udivmodqi4.o)
 .data          0x008001af        0x0 c:/winavr-20090313/bin/../lib/gcc/avr/4.3.2/avr5\libgcc.a(_udivmodhi4.o)
 .data          0x008001af        0x0 c:/winavr-20090313/bin/../lib/gcc/avr/4.3.2/avr5\libgcc.a(_divmodhi4.o)
 .data          0x008001af        0x0 c:/winavr-20090313/bin/../lib/gcc/avr/4.3.2/avr5\libgcc.a(_udivmodsi4.o)
 .data          0x008001af        0x0 c:/winavr-20090313/bin/../lib/gcc/avr/4.3.2/avr5\libgcc.a(_divmodsi4.o)
 .data          0x008001af        0x0 c:/winavr-20090313/bin/../lib/gcc/avr/4.3.2/avr5\libgcc.a(_exit.o)
 .data          0x008001af        0x0 c:/winavr-20090313/bin/../lib/gcc/avr/4.3.2/avr5\libgcc.a(_copy_data.o)
 .data          0x008001af        0x0 c:/winavr-20090313/bin/../lib/gcc/avr/4.3.2/avr5\libgcc.a(_clear_bss.o)
 .data          0x008001af        0x0 c:/winavr-20090313/bin/../lib/gcc/avr/4.3.2/avr5\libgcc.a(_fixunssfsi.o)
 .data          0x008001af        0x0 c:/winavr-20090313/bin/../lib/gcc/avr/4.3.2/avr5\libgcc.a(_addsub_sf.o)
 .data          0x008001af        0x0 c:/winavr-20090313/bin/../lib/gcc/avr/4.3.2/avr5\libgcc.a(_mul_sf.o)
 .data          0x008001af        0x0 c:/winavr-20090313/bin/../lib/gcc/avr/4.3.2/avr5\libgcc.a(_div_sf.o)
 .data          0x008001af        0x0 c:/winavr-20090313/bin/../lib/gcc/avr/4.3.2/avr5\libgcc.a(_gt_sf.o)
 .data          0x008001af        0x0 c:/winavr-20090313/bin/../lib/gcc/avr/4.3.2/avr5\libgcc.a(_ge_sf.o)
 .data          0x008001af        0x0 c:/winavr-20090313/bin/../lib/gcc/avr/4.3.2/avr5\libgcc.a(_lt_sf.o)
 .data          0x008001af        0x0 c:/winavr-20090313/bin/../lib/gcc/avr/4.3.2/avr5\libgcc.a(_si_to_sf.o)
 .data          0x008001af        0x0 c:/winavr-20090313/bin/../lib/gcc/avr/4.3.2/avr5\libgcc.a(_sf_to_si.o)
 .data          0x008001af        0x8 c:/winavr-20090313/bin/../lib/gcc/avr/4.3.2/avr5\libgcc.a(_thenan_sf.o)
                0x008001af                __thenan_sf
 .data          0x008001b7        0x0 c:/winavr-20090313/bin/../lib/gcc/avr/4.3.2/avr5\libgcc.a(_usi_to_sf.o)
 .data          0x008001b7        0x0 c:/winavr-20090313/bin/../lib/gcc/avr/4.3.2/avr5\libgcc.a(_prologue.o)
 .data          0x008001b7        0x0 c:/winavr-20090313/bin/../lib/gcc/avr/4.3.2/avr5\libgcc.a(_epilogue.o)
 .data          0x008001b7        0x0 c:/winavr-20090313/bin/../lib/gcc/avr/4.3.2/avr5\libgcc.a(_clzsi2.o)
 .data          0x008001b7        0x0 c:/winavr-20090313/bin/../lib/gcc/avr/4.3.2/avr5\libgcc.a(_pack_sf.o)
 .data          0x008001b7        0x0 c:/winavr-20090313/bin/../lib/gcc/avr/4.3.2/avr5\libgcc.a(_unpack_sf.o)
 .data          0x008001b7        0x0 c:/winavr-20090313/bin/../lib/gcc/avr/4.3.2/avr5\libgcc.a(_fpcmp_parts_sf.o)
 .data          0x008001b7      0x100 c:/winavr-20090313/bin/../lib/gcc/avr/4.3.2/avr5\libgcc.a(_clz.o)
                0x008001b7                __clz_tab
 *(.data*)
 .data.pin_cfgs
                0x008002b7       0x51 ./MCAL/dio_config.o
                0x008002b7                pin_cfgs
 .data.password_admin
                0x00800308        0x1 ./APP/main.o
                0x00800308                password_admin
 .data.temp_entry
                0x00800309        0x1 ./APP/main.o
                0x00800309                temp_entry
 *(.rodata)
 *(.rodata*)
 .rodata.C.0.1280
                0x0080030a       0x10 ./HAL/keypad.o
 *(.gnu.linkonce.d*)
                0x0080031a                . = ALIGN (0x2)
                0x0080031a                _edata = .
                0x0080031a                PROVIDE (__data_end, .)

.bss            0x0080031a       0x1d
                0x0080031a                PROVIDE (__bss_start, .)
 *(.bss)
 .bss           0x0080031a        0x0 c:/winavr-20090313/bin/../lib/gcc/avr/4.3.2/../../../../avr/lib/avr5/crtm32.o
 .bss           0x0080031a        0x0 ./MCAL/ADC.o
 .bss           0x0080031a        0x0 ./MCAL/I2C.o
 .bss           0x0080031a        0x0 ./MCAL/USART.o
 .bss           0x0080031a        0x0 ./MCAL/dio.o
 .bss           0x0080031a        0x0 ./MCAL/dio_config.o
 .bss           0x0080031a        0x0 ./MCAL/general_interrupt.o
 .bss           0x0080031a        0x0 ./MCAL/timer0.o
 .bss           0x0080031a        0x0 ./MCAL/timer1.o
 .bss           0x0080031a        0x0 ./HAL/DC.o
 .bss           0x0080031a        0x0 ./HAL/EEPROM.o
 .bss           0x0080031a        0x0 ./HAL/LED.o
 .bss           0x0080031a        0x0 ./HAL/buzzer.o
 .bss           0x0080031a        0x0 ./HAL/keypad.o
 .bss           0x0080031a        0x0 ./HAL/lcd.o
 .bss           0x0080031a        0x0 ./HAL/servo.o
 .bss           0x0080031a        0x0 ./APP/admin.o
 .bss           0x0080031a        0x0 ./APP/main.o
 .bss           0x0080031a        0x0 ./APP/user.o
 .bss           0x0080031a        0x0 c:/winavr-20090313/bin/../lib/gcc/avr/4.3.2/avr5\libgcc.a(_mulsi3.o)
 .bss           0x0080031a        0x0 c:/winavr-20090313/bin/../lib/gcc/avr/4.3.2/avr5\libgcc.a(_udivmodqi4.o)
 .bss           0x0080031a        0x0 c:/winavr-20090313/bin/../lib/gcc/avr/4.3.2/avr5\libgcc.a(_udivmodhi4.o)
 .bss           0x0080031a        0x0 c:/winavr-20090313/bin/../lib/gcc/avr/4.3.2/avr5\libgcc.a(_divmodhi4.o)
 .bss           0x0080031a        0x0 c:/winavr-20090313/bin/../lib/gcc/avr/4.3.2/avr5\libgcc.a(_udivmodsi4.o)
 .bss           0x0080031a        0x0 c:/winavr-20090313/bin/../lib/gcc/avr/4.3.2/avr5\libgcc.a(_divmodsi4.o)
 .bss           0x0080031a        0x0 c:/winavr-20090313/bin/../lib/gcc/avr/4.3.2/avr5\libgcc.a(_exit.o)
 .bss           0x0080031a        0x0 c:/winavr-20090313/bin/../lib/gcc/avr/4.3.2/avr5\libgcc.a(_copy_data.o)
 .bss           0x0080031a        0x0 c:/winavr-20090313/bin/../lib/gcc/avr/4.3.2/avr5\libgcc.a(_clear_bss.o)
 .bss           0x0080031a        0x0 c:/winavr-20090313/bin/../lib/gcc/avr/4.3.2/avr5\libgcc.a(_fixunssfsi.o)
 .bss           0x0080031a        0x0 c:/winavr-20090313/bin/../lib/gcc/avr/4.3.2/avr5\libgcc.a(_addsub_sf.o)
 .bss           0x0080031a        0x0 c:/winavr-20090313/bin/../lib/gcc/avr/4.3.2/avr5\libgcc.a(_mul_sf.o)
 .bss           0x0080031a        0x0 c:/winavr-20090313/bin/../lib/gcc/avr/4.3.2/avr5\libgcc.a(_div_sf.o)
 .bss           0x0080031a        0x0 c:/winavr-20090313/bin/../lib/gcc/avr/4.3.2/avr5\libgcc.a(_gt_sf.o)
 .bss           0x0080031a        0x0 c:/winavr-20090313/bin/../lib/gcc/avr/4.3.2/avr5\libgcc.a(_ge_sf.o)
 .bss           0x0080031a        0x0 c:/winavr-20090313/bin/../lib/gcc/avr/4.3.2/avr5\libgcc.a(_lt_sf.o)
 .bss           0x0080031a        0x0 c:/winavr-20090313/bin/../lib/gcc/avr/4.3.2/avr5\libgcc.a(_si_to_sf.o)
 .bss           0x0080031a        0x0 c:/winavr-20090313/bin/../lib/gcc/avr/4.3.2/avr5\libgcc.a(_sf_to_si.o)
 .bss           0x0080031a        0x0 c:/winavr-20090313/bin/../lib/gcc/avr/4.3.2/avr5\libgcc.a(_thenan_sf.o)
 .bss           0x0080031a        0x0 c:/winavr-20090313/bin/../lib/gcc/avr/4.3.2/avr5\libgcc.a(_usi_to_sf.o)
 .bss           0x0080031a        0x0 c:/winavr-20090313/bin/../lib/gcc/avr/4.3.2/avr5\libgcc.a(_prologue.o)
 .bss           0x0080031a        0x0 c:/winavr-20090313/bin/../lib/gcc/avr/4.3.2/avr5\libgcc.a(_epilogue.o)
 .bss           0x0080031a        0x0 c:/winavr-20090313/bin/../lib/gcc/avr/4.3.2/avr5\libgcc.a(_clzsi2.o)
 .bss           0x0080031a        0x0 c:/winavr-20090313/bin/../lib/gcc/avr/4.3.2/avr5\libgcc.a(_pack_sf.o)
 .bss           0x0080031a        0x0 c:/winavr-20090313/bin/../lib/gcc/avr/4.3.2/avr5\libgcc.a(_unpack_sf.o)
 .bss           0x0080031a        0x0 c:/winavr-20090313/bin/../lib/gcc/avr/4.3.2/avr5\libgcc.a(_fpcmp_parts_sf.o)
 .bss           0x0080031a        0x0 c:/winavr-20090313/bin/../lib/gcc/avr/4.3.2/avr5\libgcc.a(_clz.o)
 *(.bss*)
 .bss.ADC_p2f   0x0080031a        0x2 ./MCAL/ADC.o
                0x0080031a                ADC_p2f
 .bss.p2f       0x0080031c        0x2 ./MCAL/timer0.o
                0x0080031c                p2f
 .bss.characters
                0x0080031e       0x10 ./HAL/keypad.o
                0x0080031e                characters
 .bss.flag      0x0080032e        0x1 ./APP/main.o
                0x0080032e                flag
 .bss.user_entry_pass
                0x0080032f        0x1 ./APP/main.o
                0x0080032f                user_entry_pass
 .bss.admin_entry_pass
                0x00800330        0x1 ./APP/main.o
                0x00800330                admin_entry_pass
 .bss.count     0x00800331        0x1 ./APP/main.o
                0x00800331                count
 *(COMMON)
 COMMON         0x00800332        0x5 ./APP/main.o
                0x00800332                dig_read
                0x00800333                user_entry_username
                0x00800335                choice
                0x00800336                password_user
                0x00800337                PROVIDE (__bss_end, .)
                0x00004982                __data_load_start = LOADADDR (.data)
                0x00004c3c                __data_load_end = (__data_load_start + SIZEOF (.data))

.noinit         0x00800337        0x0
                0x00800337                PROVIDE (__noinit_start, .)
 *(.noinit*)
                0x00800337                PROVIDE (__noinit_end, .)
                0x00800337                _end = .
                0x00800337                PROVIDE (__heap_start, .)

.eeprom         0x00810000        0x0
 *(.eeprom*)
                0x00810000                __eeprom_end = .

.fuse
 *(.fuse)
 *(.lfuse)
 *(.hfuse)
 *(.efuse)

.lock
 *(.lock*)

.signature
 *(.signature*)

.stab           0x00000000     0x5568
 *(.stab)
 .stab          0x00000000      0x450 ./MCAL/ADC.o
 .stab          0x00000450      0x468 ./MCAL/I2C.o
                                0x510 (size before relaxing)
 .stab          0x000008b8      0x3b4 ./MCAL/USART.o
                                0x438 (size before relaxing)
 .stab          0x00000c6c      0x414 ./MCAL/dio.o
                                0x498 (size before relaxing)
 .stab          0x00001080      0x228 ./MCAL/dio_config.o
                                0x33c (size before relaxing)
 .stab          0x000012a8      0x150 ./MCAL/general_interrupt.o
                                0x1e0 (size before relaxing)
 .stab          0x000013f8      0x624 ./MCAL/timer0.o
                                0x6d8 (size before relaxing)
 .stab          0x00001a1c      0x324 ./MCAL/timer1.o
                                0x3b4 (size before relaxing)
 .stab          0x00001d40      0x324 ./HAL/DC.o
                                0x330 (size before relaxing)
 .stab          0x00002064      0x684 ./HAL/EEPROM.o
                                0x8ac (size before relaxing)
 .stab          0x000026e8      0x2f4 ./HAL/LED.o
                                0x390 (size before relaxing)
 .stab          0x000029dc      0x15c ./HAL/buzzer.o
                                0x270 (size before relaxing)
 .stab          0x00002b38      0x2c4 ./HAL/keypad.o
                                0x3d8 (size before relaxing)
 .stab          0x00002dfc      0x9b4 ./HAL/lcd.o
                                0xc48 (size before relaxing)
 .stab          0x000037b0      0x1b0 ./HAL/servo.o
                                0x234 (size before relaxing)
 .stab          0x00003960      0x420 ./APP/admin.o
                                0x42c (size before relaxing)
 .stab          0x00003d80     0x1194 ./APP/main.o
                               0x132c (size before relaxing)
 .stab          0x00004f14      0x654 ./APP/user.o
                                0x870 (size before relaxing)

.stabstr        0x00000000     0x2271
 *(.stabstr)
 .stabstr       0x00000000     0x2271 ./MCAL/ADC.o

.stab.excl
 *(.stab.excl)

.stab.exclstr
 *(.stab.exclstr)

.stab.index
 *(.stab.index)

.stab.indexstr
 *(.stab.indexstr)

.comment
 *(.comment)

.debug
 *(.debug)

.line
 *(.line)

.debug_srcinfo
 *(.debug_srcinfo)

.debug_sfnames
 *(.debug_sfnames)

.debug_aranges
 *(.debug_aranges)

.debug_pubnames
 *(.debug_pubnames)

.debug_info
 *(.debug_info)
 *(.gnu.linkonce.wi.*)

.debug_abbrev
 *(.debug_abbrev)

.debug_line
 *(.debug_line)

.debug_frame
 *(.debug_frame)

.debug_str
 *(.debug_str)

.debug_loc
 *(.debug_loc)

.debug_macinfo
 *(.debug_macinfo)
OUTPUT(smart_home.elf elf32-avr)
LOAD linker stubs
