Archive member included because of file (symbol)

c:/winavr-20090313/bin/../lib/gcc/avr/4.3.2/avr5\libgcc.a(_mulsi3.o)
                              ./HAL/lcd.o (__mulsi3)
c:/winavr-20090313/bin/../lib/gcc/avr/4.3.2/avr5\libgcc.a(_udivmodhi4.o)
                              ./MCAL/timer1.o (__udivmodhi4)
c:/winavr-20090313/bin/../lib/gcc/avr/4.3.2/avr5\libgcc.a(_divmodhi4.o)
                              ./MCAL/timer0.o (__divmodhi4)
c:/winavr-20090313/bin/../lib/gcc/avr/4.3.2/avr5\libgcc.a(_divmodsi4.o)
                              ./MCAL/timer1.o (__divmodsi4)
c:/winavr-20090313/bin/../lib/gcc/avr/4.3.2/avr5\libgcc.a(_exit.o)
                              c:/winavr-20090313/bin/../lib/gcc/avr/4.3.2/../../../../avr/lib/avr5/crtm32.o (exit)
c:/winavr-20090313/bin/../lib/gcc/avr/4.3.2/avr5\libgcc.a(_copy_data.o)
                              ./MCAL/dio_config.o (__do_copy_data)
c:/winavr-20090313/bin/../lib/gcc/avr/4.3.2/avr5\libgcc.a(_clear_bss.o)
                              ./MCAL/ADC.o (__do_clear_bss)
c:/winavr-20090313/bin/../lib/gcc/avr/4.3.2/avr5\libgcc.a(_fixunssfsi.o)
                              ./HAL/servo.o (__fixunssfsi)
c:/winavr-20090313/bin/../lib/gcc/avr/4.3.2/avr5\libgcc.a(_addsub_sf.o)
                              c:/winavr-20090313/bin/../lib/gcc/avr/4.3.2/avr5\libgcc.a(_fixunssfsi.o) (__subsf3)
c:/winavr-20090313/bin/../lib/gcc/avr/4.3.2/avr5\libgcc.a(_mul_sf.o)
                              ./HAL/servo.o (__mulsf3)
c:/winavr-20090313/bin/../lib/gcc/avr/4.3.2/avr5\libgcc.a(_ge_sf.o)
                              c:/winavr-20090313/bin/../lib/gcc/avr/4.3.2/avr5\libgcc.a(_fixunssfsi.o) (__gesf2)
c:/winavr-20090313/bin/../lib/gcc/avr/4.3.2/avr5\libgcc.a(_si_to_sf.o)
                              ./HAL/servo.o (__floatsisf)
c:/winavr-20090313/bin/../lib/gcc/avr/4.3.2/avr5\libgcc.a(_sf_to_si.o)
                              c:/winavr-20090313/bin/../lib/gcc/avr/4.3.2/avr5\libgcc.a(_fixunssfsi.o) (__fixsfsi)
c:/winavr-20090313/bin/../lib/gcc/avr/4.3.2/avr5\libgcc.a(_thenan_sf.o)
                              c:/winavr-20090313/bin/../lib/gcc/avr/4.3.2/avr5\libgcc.a(_addsub_sf.o) (__thenan_sf)
c:/winavr-20090313/bin/../lib/gcc/avr/4.3.2/avr5\libgcc.a(_udivmodsi4.o)
                              c:/winavr-20090313/bin/../lib/gcc/avr/4.3.2/avr5\libgcc.a(_divmodsi4.o) (__udivmodsi4)
c:/winavr-20090313/bin/../lib/gcc/avr/4.3.2/avr5\libgcc.a(_prologue.o)
                              c:/winavr-20090313/bin/../lib/gcc/avr/4.3.2/avr5\libgcc.a(_addsub_sf.o) (__prologue_saves__)
c:/winavr-20090313/bin/../lib/gcc/avr/4.3.2/avr5\libgcc.a(_epilogue.o)
                              c:/winavr-20090313/bin/../lib/gcc/avr/4.3.2/avr5\libgcc.a(_addsub_sf.o) (__epilogue_restores__)
c:/winavr-20090313/bin/../lib/gcc/avr/4.3.2/avr5\libgcc.a(_clzsi2.o)
                              c:/winavr-20090313/bin/../lib/gcc/avr/4.3.2/avr5\libgcc.a(_si_to_sf.o) (__clzsi2)
c:/winavr-20090313/bin/../lib/gcc/avr/4.3.2/avr5\libgcc.a(_pack_sf.o)
                              c:/winavr-20090313/bin/../lib/gcc/avr/4.3.2/avr5\libgcc.a(_addsub_sf.o) (__pack_f)
c:/winavr-20090313/bin/../lib/gcc/avr/4.3.2/avr5\libgcc.a(_unpack_sf.o)
                              c:/winavr-20090313/bin/../lib/gcc/avr/4.3.2/avr5\libgcc.a(_addsub_sf.o) (__unpack_f)
c:/winavr-20090313/bin/../lib/gcc/avr/4.3.2/avr5\libgcc.a(_fpcmp_parts_sf.o)
                              c:/winavr-20090313/bin/../lib/gcc/avr/4.3.2/avr5\libgcc.a(_ge_sf.o) (__fpcmp_parts_f)
c:/winavr-20090313/bin/../lib/gcc/avr/4.3.2/avr5\libgcc.a(_clz.o)
                              c:/winavr-20090313/bin/../lib/gcc/avr/4.3.2/avr5\libgcc.a(_clzsi2.o) (__clz_tab)

Allocating common symbols
Common symbol       size              file

choice              0x1               ./APP/main.o

Memory Configuration

Name             Origin             Length             Attributes
text             0x00000000         0x00020000         xr
data             0x00800060         0x0000ffa0         rw !x
eeprom           0x00810000         0x00010000         rw !x
fuse             0x00820000         0x00000400         rw !x
lock             0x00830000         0x00000400         rw !x
signature        0x00840000         0x00000400         rw !x
*default*        0x00000000         0xffffffff

Linker script and memory map

LOAD c:/winavr-20090313/bin/../lib/gcc/avr/4.3.2/../../../../avr/lib/avr5/crtm32.o
LOAD ./MCAL/ADC.o
LOAD ./MCAL/I2C.o
LOAD ./MCAL/USART.o
LOAD ./MCAL/dio.o
LOAD ./MCAL/dio_config.o
LOAD ./MCAL/general_interrupt.o
LOAD ./MCAL/timer0.o
LOAD ./MCAL/timer1.o
LOAD ./HAL/DC.o
LOAD ./HAL/EEPROM.o
LOAD ./HAL/LED.o
LOAD ./HAL/buzzer.o
LOAD ./HAL/keypad.o
LOAD ./HAL/lcd.o
LOAD ./HAL/servo.o
LOAD ./APP/main.o
LOAD c:/winavr-20090313/bin/../lib/gcc/avr/4.3.2/avr5\libgcc.a
LOAD c:/winavr-20090313/bin/../lib/gcc/avr/4.3.2/../../../../avr/lib/avr5\libc.a
LOAD c:/winavr-20090313/bin/../lib/gcc/avr/4.3.2/avr5\libgcc.a

.hash
 *(.hash)

.dynsym
 *(.dynsym)

.dynstr
 *(.dynstr)

.gnu.version
 *(.gnu.version)

.gnu.version_d
 *(.gnu.version_d)

.gnu.version_r
 *(.gnu.version_r)

.rel.init
 *(.rel.init)

.rela.init
 *(.rela.init)

.rel.text
 *(.rel.text)
 *(.rel.text.*)
 *(.rel.gnu.linkonce.t*)

.rela.text
 *(.rela.text)
 *(.rela.text.*)
 *(.rela.gnu.linkonce.t*)

.rel.fini
 *(.rel.fini)

.rela.fini
 *(.rela.fini)

.rel.rodata
 *(.rel.rodata)
 *(.rel.rodata.*)
 *(.rel.gnu.linkonce.r*)

.rela.rodata
 *(.rela.rodata)
 *(.rela.rodata.*)
 *(.rela.gnu.linkonce.r*)

.rel.data
 *(.rel.data)
 *(.rel.data.*)
 *(.rel.gnu.linkonce.d*)

.rela.data
 *(.rela.data)
 *(.rela.data.*)
 *(.rela.gnu.linkonce.d*)

.rel.ctors
 *(.rel.ctors)

.rela.ctors
 *(.rela.ctors)

.rel.dtors
 *(.rel.dtors)

.rela.dtors
 *(.rela.dtors)

.rel.got
 *(.rel.got)

.rela.got
 *(.rela.got)

.rel.bss
 *(.rel.bss)

.rela.bss
 *(.rela.bss)

.rel.plt
 *(.rel.plt)

.rela.plt
 *(.rela.plt)

.text           0x00000000     0x1b54
 *(.vectors)
 .vectors       0x00000000       0x54 c:/winavr-20090313/bin/../lib/gcc/avr/4.3.2/../../../../avr/lib/avr5/crtm32.o
                0x00000000                __vectors
                0x00000000                __vector_default
 *(.vectors)
 *(.progmem.gcc*)
 *(.progmem*)
                0x00000054                . = ALIGN (0x2)
                0x00000054                __trampolines_start = .
 *(.trampolines)
 .trampolines   0x00000054        0x0 linker stubs
 *(.trampolines*)
                0x00000054                __trampolines_end = .
 *(.jumptables)
 *(.jumptables*)
 *(.lowtext)
 *(.lowtext*)
                0x00000054                __ctors_start = .
 *(.ctors)
                0x00000054                __ctors_end = .
                0x00000054                __dtors_start = .
 *(.dtors)
                0x00000054                __dtors_end = .
 SORT(*)(.ctors)
 SORT(*)(.dtors)
 *(.init0)
 .init0         0x00000054        0x0 c:/winavr-20090313/bin/../lib/gcc/avr/4.3.2/../../../../avr/lib/avr5/crtm32.o
                0x00000054                __init
 *(.init0)
 *(.init1)
 *(.init1)
 *(.init2)
 .init2         0x00000054        0xc c:/winavr-20090313/bin/../lib/gcc/avr/4.3.2/../../../../avr/lib/avr5/crtm32.o
 *(.init2)
 *(.init3)
 *(.init3)
 *(.init4)
 .init4         0x00000060       0x16 c:/winavr-20090313/bin/../lib/gcc/avr/4.3.2/avr5\libgcc.a(_copy_data.o)
                0x00000060                __do_copy_data
 .init4         0x00000076       0x10 c:/winavr-20090313/bin/../lib/gcc/avr/4.3.2/avr5\libgcc.a(_clear_bss.o)
                0x00000076                __do_clear_bss
 *(.init4)
 *(.init5)
 *(.init5)
 *(.init6)
 *(.init6)
 *(.init7)
 *(.init7)
 *(.init8)
 *(.init8)
 *(.init9)
 .init9         0x00000086        0x8 c:/winavr-20090313/bin/../lib/gcc/avr/4.3.2/../../../../avr/lib/avr5/crtm32.o
 *(.init9)
 *(.text)
 .text          0x0000008e        0x4 c:/winavr-20090313/bin/../lib/gcc/avr/4.3.2/../../../../avr/lib/avr5/crtm32.o
                0x0000008e                __vector_1
                0x0000008e                __vector_12
                0x0000008e                __bad_interrupt
                0x0000008e                __vector_6
                0x0000008e                __vector_3
                0x0000008e                __vector_13
                0x0000008e                __vector_17
                0x0000008e                __vector_19
                0x0000008e                __vector_7
                0x0000008e                __vector_5
                0x0000008e                __vector_4
                0x0000008e                __vector_9
                0x0000008e                __vector_2
                0x0000008e                __vector_15
                0x0000008e                __vector_8
                0x0000008e                __vector_14
                0x0000008e                __vector_16
                0x0000008e                __vector_18
                0x0000008e                __vector_20
 .text          0x00000092        0x0 ./MCAL/ADC.o
 .text          0x00000092        0x0 ./MCAL/I2C.o
 .text          0x00000092        0x0 ./MCAL/USART.o
 .text          0x00000092        0x0 ./MCAL/dio.o
 .text          0x00000092        0x0 ./MCAL/dio_config.o
 .text          0x00000092        0x0 ./MCAL/general_interrupt.o
 .text          0x00000092        0x0 ./MCAL/timer0.o
 .text          0x00000092        0x0 ./MCAL/timer1.o
 .text          0x00000092        0x0 ./HAL/DC.o
 .text          0x00000092        0x0 ./HAL/EEPROM.o
 .text          0x00000092        0x0 ./HAL/LED.o
 .text          0x00000092        0x0 ./HAL/buzzer.o
 .text          0x00000092        0x0 ./HAL/keypad.o
 .text          0x00000092        0x0 ./HAL/lcd.o
 .text          0x00000092        0x0 ./HAL/servo.o
 .text          0x00000092        0x0 ./APP/main.o
 .text          0x00000092        0x0 c:/winavr-20090313/bin/../lib/gcc/avr/4.3.2/avr5\libgcc.a(_mulsi3.o)
 .text          0x00000092        0x0 c:/winavr-20090313/bin/../lib/gcc/avr/4.3.2/avr5\libgcc.a(_udivmodhi4.o)
 .text          0x00000092        0x0 c:/winavr-20090313/bin/../lib/gcc/avr/4.3.2/avr5\libgcc.a(_divmodhi4.o)
 .text          0x00000092        0x0 c:/winavr-20090313/bin/../lib/gcc/avr/4.3.2/avr5\libgcc.a(_divmodsi4.o)
 .text          0x00000092        0x0 c:/winavr-20090313/bin/../lib/gcc/avr/4.3.2/avr5\libgcc.a(_exit.o)
 .text          0x00000092        0x0 c:/winavr-20090313/bin/../lib/gcc/avr/4.3.2/avr5\libgcc.a(_copy_data.o)
 .text          0x00000092        0x0 c:/winavr-20090313/bin/../lib/gcc/avr/4.3.2/avr5\libgcc.a(_clear_bss.o)
 .text          0x00000092       0x58 c:/winavr-20090313/bin/../lib/gcc/avr/4.3.2/avr5\libgcc.a(_fixunssfsi.o)
                0x00000092                __fixunssfsi
 .text          0x000000ea      0x354 c:/winavr-20090313/bin/../lib/gcc/avr/4.3.2/avr5\libgcc.a(_addsub_sf.o)
                0x00000382                __subsf3
                0x000003e4                __addsf3
 .text          0x0000043e      0x1f4 c:/winavr-20090313/bin/../lib/gcc/avr/4.3.2/avr5\libgcc.a(_mul_sf.o)
                0x0000043e                __mulsf3
 .text          0x00000632       0x60 c:/winavr-20090313/bin/../lib/gcc/avr/4.3.2/avr5\libgcc.a(_ge_sf.o)
                0x00000632                __gesf2
 .text          0x00000692       0xbc c:/winavr-20090313/bin/../lib/gcc/avr/4.3.2/avr5\libgcc.a(_si_to_sf.o)
                0x00000692                __floatsisf
 .text          0x0000074e       0xa8 c:/winavr-20090313/bin/../lib/gcc/avr/4.3.2/avr5\libgcc.a(_sf_to_si.o)
                0x0000074e                __fixsfsi
 .text          0x000007f6        0x0 c:/winavr-20090313/bin/../lib/gcc/avr/4.3.2/avr5\libgcc.a(_thenan_sf.o)
 .text          0x000007f6        0x0 c:/winavr-20090313/bin/../lib/gcc/avr/4.3.2/avr5\libgcc.a(_udivmodsi4.o)
 .text          0x000007f6        0x0 c:/winavr-20090313/bin/../lib/gcc/avr/4.3.2/avr5\libgcc.a(_prologue.o)
 .text          0x000007f6        0x0 c:/winavr-20090313/bin/../lib/gcc/avr/4.3.2/avr5\libgcc.a(_epilogue.o)
 .text          0x000007f6       0x9e c:/winavr-20090313/bin/../lib/gcc/avr/4.3.2/avr5\libgcc.a(_clzsi2.o)
                0x000007f6                __clzsi2
 .text          0x00000894      0x1aa c:/winavr-20090313/bin/../lib/gcc/avr/4.3.2/avr5\libgcc.a(_pack_sf.o)
                0x00000894                __pack_f
 .text          0x00000a3e       0xf0 c:/winavr-20090313/bin/../lib/gcc/avr/4.3.2/avr5\libgcc.a(_unpack_sf.o)
                0x00000a3e                __unpack_f
 .text          0x00000b2e       0xb2 c:/winavr-20090313/bin/../lib/gcc/avr/4.3.2/avr5\libgcc.a(_fpcmp_parts_sf.o)
                0x00000b2e                __fpcmp_parts_f
 .text          0x00000be0        0x0 c:/winavr-20090313/bin/../lib/gcc/avr/4.3.2/avr5\libgcc.a(_clz.o)
                0x00000be0                . = ALIGN (0x2)
 *(.text.*)
 .text.ADC_vInit
                0x00000be0       0x10 ./MCAL/ADC.o
                0x00000be0                ADC_vInit
 .text.ADC_vChannel_Select
                0x00000bf0       0x10 ./MCAL/ADC.o
                0x00000bf0                ADC_vChannel_Select
 .text.ADC_vStart_Conversion
                0x00000c00        0x4 ./MCAL/ADC.o
                0x00000c00                ADC_vStart_Conversion
 .text.ADC_u16GetReadingInt
                0x00000c04        0x8 ./MCAL/ADC.o
                0x00000c04                ADC_u16GetReadingInt
 .text.ADC_vInterruptEnable
                0x00000c0c        0x4 ./MCAL/ADC.o
                0x00000c0c                ADC_vInterruptEnable
 .text.ADC_u16PollingRead
                0x00000c10        0xe ./MCAL/ADC.o
                0x00000c10                ADC_u16PollingRead
 .text.ADC_SetCallBackFunction
                0x00000c1e        0xa ./MCAL/ADC.o
                0x00000c1e                ADC_SetCallBackFunction
 .text.ISR      0x00000c28       0x10 ./MCAL/ADC.o
                0x00000c28                ISR
 .text.I2C_vInitMaster
                0x00000c38       0x1e ./MCAL/I2C.o
                0x00000c38                I2C_vInitMaster
 .text.I2C_vSendStartCondition
                0x00000c56       0x1c ./MCAL/I2C.o
                0x00000c56                I2C_vSendStartCondition
 .text.I2C_vSendRepeatedStartCondition
                0x00000c72       0x1c ./MCAL/I2C.o
                0x00000c72                I2C_vSendRepeatedStartCondition
 .text.I2C_vSendStopCondition
                0x00000c8e        0xe ./MCAL/I2C.o
                0x00000c8e                I2C_vSendStopCondition
 .text.I2C_vSendSlaveAddresswithWrite
                0x00000c9c       0x26 ./MCAL/I2C.o
                0x00000c9c                I2C_vSendSlaveAddresswithWrite
 .text.I2C_vSendSlaveAddresswithRead
                0x00000cc2       0x26 ./MCAL/I2C.o
                0x00000cc2                I2C_vSendSlaveAddresswithRead
 .text.I2C_vSendDataMaster
                0x00000ce8       0x18 ./MCAL/I2C.o
                0x00000ce8                I2C_vSendDataMaster
 .text.I2C_vReadDataMaster
                0x00000d00       0x20 ./MCAL/I2C.o
                0x00000d00                I2C_vReadDataMaster
 .text.USART_vInit
                0x00000d20       0x12 ./MCAL/USART.o
                0x00000d20                USART_vInit
 .text.USART_u16Receive
                0x00000d32        0xa ./MCAL/USART.o
                0x00000d32                USART_u16Receive
 .text.USART_vTransmit
                0x00000d3c        0x8 ./MCAL/USART.o
                0x00000d3c                USART_vTransmit
 .text.DIO_WriteChannel
                0x00000d44      0x116 ./MCAL/dio.o
                0x00000d44                DIO_WriteChannel
 .text.DIO_ReadChannel
                0x00000e5a       0x3c ./MCAL/dio.o
                0x00000e5a                DIO_ReadChannel
 .text.DIO_SetInternalPullup
                0x00000e96      0x116 ./MCAL/dio.o
                0x00000e96                DIO_SetInternalPullup
 .text.DIO_Toggle
                0x00000fac       0x7a ./MCAL/dio.o
                0x00000fac                DIO_Toggle
 .text.DIO_init
                0x00001026       0xfc ./MCAL/dio_config.o
                0x00001026                DIO_init
 .text.GI_vEnable
                0x00001122        0x8 ./MCAL/general_interrupt.o
                0x00001122                GI_vEnable
 .text.GI_vDisable
                0x0000112a        0x8 ./MCAL/general_interrupt.o
                0x0000112a                GI_vDisable
 .text.vTimer0_init
                0x00001132       0x2e ./MCAL/timer0.o
                0x00001132                vTimer0_init
 .text.vTimer0_Check_OVF
                0x00001160        0xe ./MCAL/timer0.o
                0x00001160                vTimer0_Check_OVF
 .text.vTimer0_Interrupt_Enable
                0x0000116e        0x2 ./MCAL/timer0.o
                0x0000116e                vTimer0_Interrupt_Enable
 .text.Timer0_u8SetStart
                0x00001170        0x4 ./MCAL/timer0.o
                0x00001170                Timer0_u8SetStart
 .text.Timer0_vStop
                0x00001174        0x4 ./MCAL/timer0.o
                0x00001174                Timer0_vStop
 .text.Timer0_u8SetComp
                0x00001178        0x4 ./MCAL/timer0.o
                0x00001178                Timer0_u8SetComp
 .text.Timer0_vSetPWMDutyCycleFast
                0x0000117c       0x20 ./MCAL/timer0.o
                0x0000117c                Timer0_vSetPWMDutyCycleFast
 .text.Timer0_vSetPWMDutyCyclePhaseCorrect
                0x0000119c       0x30 ./MCAL/timer0.o
                0x0000119c                Timer0_vSetPWMDutyCyclePhaseCorrect
 .text.Timer0_pfSetCallback
                0x000011cc        0xa ./MCAL/timer0.o
                0x000011cc                Timer0_pfSetCallback
 .text.__vector_11
                0x000011d6       0x52 ./MCAL/timer0.o
                0x000011d6                __vector_11
 .text.__vector_10
                0x00001228       0x52 ./MCAL/timer0.o
                0x00001228                __vector_10
 .text.Timer1_vInit
                0x0000127a       0x26 ./MCAL/timer1.o
                0x0000127a                Timer1_vInit
 .text.Timer1_vStart
                0x000012a0       0x18 ./MCAL/timer1.o
                0x000012a0                Timer1_vStart
 .text.Timer1_vStop
                0x000012b8        0x6 ./MCAL/timer1.o
                0x000012b8                Timer1_vStop
 .text.Timer1_vSetCompA
                0x000012be        0x6 ./MCAL/timer1.o
                0x000012be                Timer1_vSetCompA
 .text.Timer1_vSetCompB
                0x000012c4        0x6 ./MCAL/timer1.o
                0x000012c4                Timer1_vSetCompB
 .text.Timer1_SetPWMFast
                0x000012ca       0x48 ./MCAL/timer1.o
                0x000012ca                Timer1_SetPWMFast
 .text.DC_vOff  0x00001312        0xa ./HAL/DC.o
                0x00001312                DC_vOff
 .text.DC_vOn   0x0000131c       0x26 ./HAL/DC.o
                0x0000131c                DC_vOn
 .text.DC_vControlSpeed
                0x00001342        0x6 ./HAL/DC.o
                0x00001342                DC_vControlSpeed
 .text.DC_vInit
                0x00001348        0x6 ./HAL/DC.o
                0x00001348                DC_vInit
 .text.EEPROM_u8SequentialRead
                0x0000134e       0x72 ./HAL/EEPROM.o
                0x0000134e                EEPROM_u8SequentialRead
 .text.EEPROM_vWritePage
                0x000013c0       0x50 ./HAL/EEPROM.o
                0x000013c0                EEPROM_vWritePage
 .text.EEPROM_u8ReadByte
                0x00001410       0x4e ./HAL/EEPROM.o
                0x00001410                EEPROM_u8ReadByte
 .text.EEPROM_vWriteByte
                0x0000145e       0x38 ./HAL/EEPROM.o
                0x0000145e                EEPROM_vWriteByte
 .text.EEPROM_vInit
                0x00001496        0x8 ./HAL/EEPROM.o
                0x00001496                EEPROM_vInit
 .text.LED_vYellowOff
                0x0000149e        0xa ./HAL/LED.o
                0x0000149e                LED_vYellowOff
 .text.LED_vYellowOn
                0x000014a8        0xa ./HAL/LED.o
                0x000014a8                LED_vYellowOn
 .text.LED_vBlueOff
                0x000014b2        0xa ./HAL/LED.o
                0x000014b2                LED_vBlueOff
 .text.LED_vBlueOn
                0x000014bc        0xa ./HAL/LED.o
                0x000014bc                LED_vBlueOn
 .text.LED_vGreenOff
                0x000014c6        0xa ./HAL/LED.o
                0x000014c6                LED_vGreenOff
 .text.LED_vGreenOn
                0x000014d0        0xa ./HAL/LED.o
                0x000014d0                LED_vGreenOn
 .text.LED_vRedOff
                0x000014da        0xa ./HAL/LED.o
                0x000014da                LED_vRedOff
 .text.LED_vRedOn
                0x000014e4        0xa ./HAL/LED.o
                0x000014e4                LED_vRedOn
 .text.BUZZER_vOff
                0x000014ee        0xa ./HAL/buzzer.o
                0x000014ee                BUZZER_vOff
 .text.BUZZER_vOn
                0x000014f8        0xa ./HAL/buzzer.o
                0x000014f8                BUZZER_vOn
 .text.Keypad_u8GetPressed
                0x00001502      0x10c ./HAL/keypad.o
                0x00001502                Keypad_u8GetPressed
 .text.Keypad_vInit
                0x0000160e       0x22 ./HAL/keypad.o
                0x0000160e                Keypad_vInit
 .text.vPriWriteHalfPort
                0x00001630       0x62 ./HAL/lcd.o
 .text.vPriEnable
                0x00001692       0x1a ./HAL/lcd.o
 .text.LCD_vSendData
                0x000016ac       0x28 ./HAL/lcd.o
                0x000016ac                LCD_vSendData
 .text.LCD_vSendInt
                0x000016d4       0xe4 ./HAL/lcd.o
                0x000016d4                LCD_vSendInt
 .text.LCD_vSendString
                0x000017b8       0x26 ./HAL/lcd.o
                0x000017b8                LCD_vSendString
 .text.LCD_vSendCmnd
                0x000017de       0x28 ./HAL/lcd.o
                0x000017de                LCD_vSendCmnd
 .text.LCD_vGoTo
                0x00001806       0x2a ./HAL/lcd.o
                0x00001806                LCD_vGoTo
 .text.LCD_vInit
                0x00001830       0x5a ./HAL/lcd.o
                0x00001830                LCD_vInit
 .text.Servo_vOff
                0x0000188a        0x6 ./HAL/servo.o
                0x0000188a                Servo_vOff
 .text.Servo_vOn
                0x00001890       0x58 ./HAL/servo.o
                0x00001890                Servo_vOn
 .text.main     0x000018e8       0xf4 ./APP/main.o
                0x000018e8                main
 .text.libgcc   0x000019dc       0x3e c:/winavr-20090313/bin/../lib/gcc/avr/4.3.2/avr5\libgcc.a(_mulsi3.o)
                0x000019dc                __mulsi3
 .text.libgcc   0x00001a1a       0x28 c:/winavr-20090313/bin/../lib/gcc/avr/4.3.2/avr5\libgcc.a(_udivmodhi4.o)
                0x00001a1a                __udivmodhi4
 .text.libgcc   0x00001a42       0x26 c:/winavr-20090313/bin/../lib/gcc/avr/4.3.2/avr5\libgcc.a(_divmodhi4.o)
                0x00001a42                __divmodhi4
                0x00001a42                _div
 .text.libgcc   0x00001a68       0x36 c:/winavr-20090313/bin/../lib/gcc/avr/4.3.2/avr5\libgcc.a(_divmodsi4.o)
                0x00001a68                __divmodsi4
 .text.libgcc   0x00001a9e        0x0 c:/winavr-20090313/bin/../lib/gcc/avr/4.3.2/avr5\libgcc.a(_exit.o)
 .text.libgcc   0x00001a9e        0x0 c:/winavr-20090313/bin/../lib/gcc/avr/4.3.2/avr5\libgcc.a(_copy_data.o)
 .text.libgcc   0x00001a9e        0x0 c:/winavr-20090313/bin/../lib/gcc/avr/4.3.2/avr5\libgcc.a(_clear_bss.o)
 .text.libgcc   0x00001a9e       0x44 c:/winavr-20090313/bin/../lib/gcc/avr/4.3.2/avr5\libgcc.a(_udivmodsi4.o)
                0x00001a9e                __udivmodsi4
 .text.libgcc   0x00001ae2       0x38 c:/winavr-20090313/bin/../lib/gcc/avr/4.3.2/avr5\libgcc.a(_prologue.o)
                0x00001ae2                __prologue_saves__
 .text.libgcc   0x00001b1a       0x36 c:/winavr-20090313/bin/../lib/gcc/avr/4.3.2/avr5\libgcc.a(_epilogue.o)
                0x00001b1a                __epilogue_restores__
                0x00001b50                . = ALIGN (0x2)
 *(.fini9)
 .fini9         0x00001b50        0x0 c:/winavr-20090313/bin/../lib/gcc/avr/4.3.2/avr5\libgcc.a(_exit.o)
                0x00001b50                exit
                0x00001b50                _exit
 *(.fini9)
 *(.fini8)
 *(.fini8)
 *(.fini7)
 *(.fini7)
 *(.fini6)
 *(.fini6)
 *(.fini5)
 *(.fini5)
 *(.fini4)
 *(.fini4)
 *(.fini3)
 *(.fini3)
 *(.fini2)
 *(.fini2)
 *(.fini1)
 *(.fini1)
 *(.fini0)
 .fini0         0x00001b50        0x4 c:/winavr-20090313/bin/../lib/gcc/avr/4.3.2/avr5\libgcc.a(_exit.o)
 *(.fini0)
                0x00001b54                _etext = .

.data           0x00800060      0x18c load address 0x00001b54
                0x00800060                PROVIDE (__data_start, .)
 *(.data)
 .data          0x00800060        0x0 c:/winavr-20090313/bin/../lib/gcc/avr/4.3.2/../../../../avr/lib/avr5/crtm32.o
 .data          0x00800060        0x0 ./MCAL/ADC.o
 .data          0x00800060        0x0 ./MCAL/I2C.o
 .data          0x00800060        0x0 ./MCAL/USART.o
 .data          0x00800060        0x0 ./MCAL/dio.o
 .data          0x00800060        0x0 ./MCAL/dio_config.o
 .data          0x00800060        0x0 ./MCAL/general_interrupt.o
 .data          0x00800060        0x0 ./MCAL/timer0.o
 .data          0x00800060        0x0 ./MCAL/timer1.o
 .data          0x00800060        0x0 ./HAL/DC.o
 .data          0x00800060        0x0 ./HAL/EEPROM.o
 .data          0x00800060        0x0 ./HAL/LED.o
 .data          0x00800060        0x0 ./HAL/buzzer.o
 .data          0x00800060        0x0 ./HAL/keypad.o
 .data          0x00800060        0x0 ./HAL/lcd.o
 .data          0x00800060        0x0 ./HAL/servo.o
 .data          0x00800060       0x46 ./APP/main.o
 .data          0x008000a6        0x0 c:/winavr-20090313/bin/../lib/gcc/avr/4.3.2/avr5\libgcc.a(_mulsi3.o)
 .data          0x008000a6        0x0 c:/winavr-20090313/bin/../lib/gcc/avr/4.3.2/avr5\libgcc.a(_udivmodhi4.o)
 .data          0x008000a6        0x0 c:/winavr-20090313/bin/../lib/gcc/avr/4.3.2/avr5\libgcc.a(_divmodhi4.o)
 .data          0x008000a6        0x0 c:/winavr-20090313/bin/../lib/gcc/avr/4.3.2/avr5\libgcc.a(_divmodsi4.o)
 .data          0x008000a6        0x0 c:/winavr-20090313/bin/../lib/gcc/avr/4.3.2/avr5\libgcc.a(_exit.o)
 .data          0x008000a6        0x0 c:/winavr-20090313/bin/../lib/gcc/avr/4.3.2/avr5\libgcc.a(_copy_data.o)
 .data          0x008000a6        0x0 c:/winavr-20090313/bin/../lib/gcc/avr/4.3.2/avr5\libgcc.a(_clear_bss.o)
 .data          0x008000a6        0x0 c:/winavr-20090313/bin/../lib/gcc/avr/4.3.2/avr5\libgcc.a(_fixunssfsi.o)
 .data          0x008000a6        0x0 c:/winavr-20090313/bin/../lib/gcc/avr/4.3.2/avr5\libgcc.a(_addsub_sf.o)
 .data          0x008000a6        0x0 c:/winavr-20090313/bin/../lib/gcc/avr/4.3.2/avr5\libgcc.a(_mul_sf.o)
 .data          0x008000a6        0x0 c:/winavr-20090313/bin/../lib/gcc/avr/4.3.2/avr5\libgcc.a(_ge_sf.o)
 .data          0x008000a6        0x0 c:/winavr-20090313/bin/../lib/gcc/avr/4.3.2/avr5\libgcc.a(_si_to_sf.o)
 .data          0x008000a6        0x0 c:/winavr-20090313/bin/../lib/gcc/avr/4.3.2/avr5\libgcc.a(_sf_to_si.o)
 .data          0x008000a6        0x8 c:/winavr-20090313/bin/../lib/gcc/avr/4.3.2/avr5\libgcc.a(_thenan_sf.o)
                0x008000a6                __thenan_sf
 .data          0x008000ae        0x0 c:/winavr-20090313/bin/../lib/gcc/avr/4.3.2/avr5\libgcc.a(_udivmodsi4.o)
 .data          0x008000ae        0x0 c:/winavr-20090313/bin/../lib/gcc/avr/4.3.2/avr5\libgcc.a(_prologue.o)
 .data          0x008000ae        0x0 c:/winavr-20090313/bin/../lib/gcc/avr/4.3.2/avr5\libgcc.a(_epilogue.o)
 .data          0x008000ae        0x0 c:/winavr-20090313/bin/../lib/gcc/avr/4.3.2/avr5\libgcc.a(_clzsi2.o)
 .data          0x008000ae        0x0 c:/winavr-20090313/bin/../lib/gcc/avr/4.3.2/avr5\libgcc.a(_pack_sf.o)
 .data          0x008000ae        0x0 c:/winavr-20090313/bin/../lib/gcc/avr/4.3.2/avr5\libgcc.a(_unpack_sf.o)
 .data          0x008000ae        0x0 c:/winavr-20090313/bin/../lib/gcc/avr/4.3.2/avr5\libgcc.a(_fpcmp_parts_sf.o)
 .data          0x008000ae      0x100 c:/winavr-20090313/bin/../lib/gcc/avr/4.3.2/avr5\libgcc.a(_clz.o)
                0x008000ae                __clz_tab
 *(.data*)
 .data.pin_cfgs
                0x008001ae       0x2d ./MCAL/dio_config.o
                0x008001ae                pin_cfgs
 .data.password
                0x008001db        0x1 ./APP/main.o
                0x008001db                password
 *(.rodata)
 *(.rodata*)
 .rodata.C.0.1280
                0x008001dc       0x10 ./HAL/keypad.o
 *(.gnu.linkonce.d*)
                0x008001ec                . = ALIGN (0x2)
                0x008001ec                _edata = .
                0x008001ec                PROVIDE (__data_end, .)

.bss            0x008001ec       0x19
                0x008001ec                PROVIDE (__bss_start, .)
 *(.bss)
 .bss           0x008001ec        0x0 c:/winavr-20090313/bin/../lib/gcc/avr/4.3.2/../../../../avr/lib/avr5/crtm32.o
 .bss           0x008001ec        0x0 ./MCAL/ADC.o
 .bss           0x008001ec        0x0 ./MCAL/I2C.o
 .bss           0x008001ec        0x0 ./MCAL/USART.o
 .bss           0x008001ec        0x0 ./MCAL/dio.o
 .bss           0x008001ec        0x0 ./MCAL/dio_config.o
 .bss           0x008001ec        0x0 ./MCAL/general_interrupt.o
 .bss           0x008001ec        0x0 ./MCAL/timer0.o
 .bss           0x008001ec        0x0 ./MCAL/timer1.o
 .bss           0x008001ec        0x0 ./HAL/DC.o
 .bss           0x008001ec        0x0 ./HAL/EEPROM.o
 .bss           0x008001ec        0x0 ./HAL/LED.o
 .bss           0x008001ec        0x0 ./HAL/buzzer.o
 .bss           0x008001ec        0x0 ./HAL/keypad.o
 .bss           0x008001ec        0x0 ./HAL/lcd.o
 .bss           0x008001ec        0x0 ./HAL/servo.o
 .bss           0x008001ec        0x0 ./APP/main.o
 .bss           0x008001ec        0x0 c:/winavr-20090313/bin/../lib/gcc/avr/4.3.2/avr5\libgcc.a(_mulsi3.o)
 .bss           0x008001ec        0x0 c:/winavr-20090313/bin/../lib/gcc/avr/4.3.2/avr5\libgcc.a(_udivmodhi4.o)
 .bss           0x008001ec        0x0 c:/winavr-20090313/bin/../lib/gcc/avr/4.3.2/avr5\libgcc.a(_divmodhi4.o)
 .bss           0x008001ec        0x0 c:/winavr-20090313/bin/../lib/gcc/avr/4.3.2/avr5\libgcc.a(_divmodsi4.o)
 .bss           0x008001ec        0x0 c:/winavr-20090313/bin/../lib/gcc/avr/4.3.2/avr5\libgcc.a(_exit.o)
 .bss           0x008001ec        0x0 c:/winavr-20090313/bin/../lib/gcc/avr/4.3.2/avr5\libgcc.a(_copy_data.o)
 .bss           0x008001ec        0x0 c:/winavr-20090313/bin/../lib/gcc/avr/4.3.2/avr5\libgcc.a(_clear_bss.o)
 .bss           0x008001ec        0x0 c:/winavr-20090313/bin/../lib/gcc/avr/4.3.2/avr5\libgcc.a(_fixunssfsi.o)
 .bss           0x008001ec        0x0 c:/winavr-20090313/bin/../lib/gcc/avr/4.3.2/avr5\libgcc.a(_addsub_sf.o)
 .bss           0x008001ec        0x0 c:/winavr-20090313/bin/../lib/gcc/avr/4.3.2/avr5\libgcc.a(_mul_sf.o)
 .bss           0x008001ec        0x0 c:/winavr-20090313/bin/../lib/gcc/avr/4.3.2/avr5\libgcc.a(_ge_sf.o)
 .bss           0x008001ec        0x0 c:/winavr-20090313/bin/../lib/gcc/avr/4.3.2/avr5\libgcc.a(_si_to_sf.o)
 .bss           0x008001ec        0x0 c:/winavr-20090313/bin/../lib/gcc/avr/4.3.2/avr5\libgcc.a(_sf_to_si.o)
 .bss           0x008001ec        0x0 c:/winavr-20090313/bin/../lib/gcc/avr/4.3.2/avr5\libgcc.a(_thenan_sf.o)
 .bss           0x008001ec        0x0 c:/winavr-20090313/bin/../lib/gcc/avr/4.3.2/avr5\libgcc.a(_udivmodsi4.o)
 .bss           0x008001ec        0x0 c:/winavr-20090313/bin/../lib/gcc/avr/4.3.2/avr5\libgcc.a(_prologue.o)
 .bss           0x008001ec        0x0 c:/winavr-20090313/bin/../lib/gcc/avr/4.3.2/avr5\libgcc.a(_epilogue.o)
 .bss           0x008001ec        0x0 c:/winavr-20090313/bin/../lib/gcc/avr/4.3.2/avr5\libgcc.a(_clzsi2.o)
 .bss           0x008001ec        0x0 c:/winavr-20090313/bin/../lib/gcc/avr/4.3.2/avr5\libgcc.a(_pack_sf.o)
 .bss           0x008001ec        0x0 c:/winavr-20090313/bin/../lib/gcc/avr/4.3.2/avr5\libgcc.a(_unpack_sf.o)
 .bss           0x008001ec        0x0 c:/winavr-20090313/bin/../lib/gcc/avr/4.3.2/avr5\libgcc.a(_fpcmp_parts_sf.o)
 .bss           0x008001ec        0x0 c:/winavr-20090313/bin/../lib/gcc/avr/4.3.2/avr5\libgcc.a(_clz.o)
 *(.bss*)
 .bss.ADC_p2f   0x008001ec        0x2 ./MCAL/ADC.o
                0x008001ec                ADC_p2f
 .bss.p2f       0x008001ee        0x2 ./MCAL/timer0.o
                0x008001ee                p2f
 .bss.characters
                0x008001f0       0x10 ./HAL/keypad.o
                0x008001f0                characters
 .bss.flag      0x00800200        0x1 ./APP/main.o
                0x00800200                flag
 .bss.entry     0x00800201        0x1 ./APP/main.o
                0x00800201                entry
 .bss.i         0x00800202        0x1 ./APP/main.o
                0x00800202                i
 .bss.count     0x00800203        0x1 ./APP/main.o
                0x00800203                count
 *(COMMON)
 COMMON         0x00800204        0x1 ./APP/main.o
                0x00800204                choice
                0x00800205                PROVIDE (__bss_end, .)
                0x00001b54                __data_load_start = LOADADDR (.data)
                0x00001ce0                __data_load_end = (__data_load_start + SIZEOF (.data))

.noinit         0x00800205        0x0
                0x00800205                PROVIDE (__noinit_start, .)
 *(.noinit*)
                0x00800205                PROVIDE (__noinit_end, .)
                0x00800205                _end = .
                0x00800205                PROVIDE (__heap_start, .)

.eeprom         0x00810000        0x0
 *(.eeprom*)
                0x00810000                __eeprom_end = .

.fuse
 *(.fuse)
 *(.lfuse)
 *(.hfuse)
 *(.efuse)

.lock
 *(.lock*)

.signature
 *(.signature*)

.stab
 *(.stab)

.stabstr
 *(.stabstr)

.stab.excl
 *(.stab.excl)

.stab.exclstr
 *(.stab.exclstr)

.stab.index
 *(.stab.index)

.stab.indexstr
 *(.stab.indexstr)

.comment
 *(.comment)

.debug
 *(.debug)

.line
 *(.line)

.debug_srcinfo
 *(.debug_srcinfo)

.debug_sfnames
 *(.debug_sfnames)

.debug_aranges
 *(.debug_aranges)

.debug_pubnames
 *(.debug_pubnames)

.debug_info
 *(.debug_info)
 *(.gnu.linkonce.wi.*)

.debug_abbrev
 *(.debug_abbrev)

.debug_line
 *(.debug_line)

.debug_frame
 *(.debug_frame)

.debug_str
 *(.debug_str)

.debug_loc
 *(.debug_loc)

.debug_macinfo
 *(.debug_macinfo)
OUTPUT(smart_home.elf elf32-avr)
LOAD linker stubs
